// Jest Snapshot v1, https://goo.gl/fbAQLP

exports[`matches snapshot 1`] = `
<DocumentFragment>
  <form
    class="box-form"
  >
    <label
      for="backgroundColor"
    >
      Color
    </label>
    <input
      id="backgroundColor"
      name="backgroundColor"
      type="color"
      value="#FFFFFF"
    />
    <br />
    <label
      for="width"
    >
      Width
    </label>
    <input
      id="width"
      min="2"
      name="width"
      type="number"
      value="2"
    />
    <br />
    <label
      for="height"
    >
      Height
    </label>
    <input
      id="height"
      min="2"
      name="height"
      type="number"
      value="2"
    />
    <br />
    <br />
    <button>
      Submit
    </button>
    u
  </form>
</DocumentFragment>
`;
